// Jest Snapshot v1, https://goo.gl/fbAQLP

exports[`Header 组件 样式发生变化时,有提示 1`] = `
<div class="header">
  <div class="content">
    TodoList
    <input data-test="input" placeholder="请输入代办事项" class="input">
  </div>
</div>
`;
